Archive member included to satisfy reference by file (symbol)

c:/program files (x86)/atmel/studio/7.0/toolchain/avr8/avr8-gnu-toolchain/bin/../lib/gcc/avr/5.4.0/avr5\libgcc.a(_exit.o)
                              C:/Program Files (x86)/Atmel/Studio/7.0/Packs/atmel/ATmega_DFP/1.2.209/gcc/dev/atmega328p/avr5/crtatmega328p.o (exit)
c:/program files (x86)/atmel/studio/7.0/toolchain/avr8/avr8-gnu-toolchain/bin/../lib/gcc/avr/5.4.0/avr5\libgcc.a(_copy_data.o)
                              Appl/OvenTempControl.o (__do_copy_data)
c:/program files (x86)/atmel/studio/7.0/toolchain/avr8/avr8-gnu-toolchain/bin/../lib/gcc/avr/5.4.0/avr5\libgcc.a(_clear_bss.o)
                              Appl/Appl.o (__do_clear_bss)

Allocating common symbols
Common symbol       size              file

AD_Channel          0x1               Hal/Hal.o
ADC_Buffer          0xc               Driver/Adc.o
Adc_Step            0x1               Driver/Adc.o
Temperature         0x4               System/TempSensor.o
Hal_Leds_Buffer     0x4               Hal/Hal.o
Current_Level       0x1               Appl/OvenTempControl.o
Display_Keys_Map    0x1               System/Display.o
AD_Sample           0xc               Hal/Hal.o
Hal_Analog_Inputs   0xc               Hal/Hal.o
AD_Mux_State        0x1               Hal/Hal.o
User_Action         0x1               Appl/Appl.o
AD_Counter          0x6               Hal/Hal.o
Hal_Keys_Buffer     0x1               Hal/Hal.o
Timer_Counter       0x1               Appl/Appl.o
Sampling_Time       0x1               Driver/Adc.o
Trigger             0x1               Appl/Appl.o
Toggle              0x1               Appl/Appl.o
Oven_TempControl_State
                    0x1               Appl/OvenTempControl.o
Slot                0x1               Appl/main.o
Adc_Channel         0x1               Driver/Adc.o
Oven_Display_State  0x1               System/Display.o
AD_Accumulator      0xc               Hal/Hal.o

Discarded input sections

 .data          0x00000000        0x0 C:/Program Files (x86)/Atmel/Studio/7.0/Packs/atmel/ATmega_DFP/1.2.209/gcc/dev/atmega328p/avr5/crtatmega328p.o
 .bss           0x00000000        0x0 C:/Program Files (x86)/Atmel/Studio/7.0/Packs/atmel/ATmega_DFP/1.2.209/gcc/dev/atmega328p/avr5/crtatmega328p.o
 .text          0x00000000        0x0 Appl/Appl.o
 .data          0x00000000        0x0 Appl/Appl.o
 .bss           0x00000000        0x0 Appl/Appl.o
 .text          0x00000000        0x0 Appl/main.o
 .data          0x00000000        0x0 Appl/main.o
 .bss           0x00000000        0x0 Appl/main.o
 .text          0x00000000        0x0 Appl/OvenTempControl.o
 .data          0x00000000        0x0 Appl/OvenTempControl.o
 .bss           0x00000000        0x0 Appl/OvenTempControl.o
 .text.OvenTempControl__GetState
                0x00000000        0x6 Appl/OvenTempControl.o
 .text          0x00000000        0x0 Driver/Adc.o
 .data          0x00000000        0x0 Driver/Adc.o
 .bss           0x00000000        0x0 Driver/Adc.o
 .rodata.ADC_BIT_CLR_MASK
                0x00000000        0x6 Driver/Adc.o
 .text          0x00000000        0x0 Driver/Gpio.o
 .data          0x00000000        0x0 Driver/Gpio.o
 .bss           0x00000000        0x0 Driver/Gpio.o
 .text          0x00000000        0x0 Hal/Hal.o
 .data          0x00000000        0x0 Hal/Hal.o
 .bss           0x00000000        0x0 Hal/Hal.o
 .text.Hal_GetAnalogInput
                0x00000000       0x18 Hal/Hal.o
 .text          0x00000000        0x0 Hal/SevenSeg.o
 .data          0x00000000        0x0 Hal/SevenSeg.o
 .bss           0x00000000        0x0 Hal/SevenSeg.o
 .rodata.SEGMENT_MAP_DIGIT
                0x00000000        0xa Hal/SevenSeg.o
 .text          0x00000000        0x0 System/Display.o
 .data          0x00000000        0x0 System/Display.o
 .bss           0x00000000        0x0 System/Display.o
 .text          0x00000000        0x0 System/TempSensor.o
 .data          0x00000000        0x0 System/TempSensor.o
 .bss           0x00000000        0x0 System/TempSensor.o
 .rodata.TempSensor_Enable_Table
                0x00000000        0x2 System/TempSensor.o
 .rodata.TempSensorTable
                0x00000000        0x2 System/TempSensor.o
 .text          0x00000000        0x0 c:/program files (x86)/atmel/studio/7.0/toolchain/avr8/avr8-gnu-toolchain/bin/../lib/gcc/avr/5.4.0/avr5\libgcc.a(_exit.o)
 .data          0x00000000        0x0 c:/program files (x86)/atmel/studio/7.0/toolchain/avr8/avr8-gnu-toolchain/bin/../lib/gcc/avr/5.4.0/avr5\libgcc.a(_exit.o)
 .bss           0x00000000        0x0 c:/program files (x86)/atmel/studio/7.0/toolchain/avr8/avr8-gnu-toolchain/bin/../lib/gcc/avr/5.4.0/avr5\libgcc.a(_exit.o)
 .text.libgcc.mul
                0x00000000        0x0 c:/program files (x86)/atmel/studio/7.0/toolchain/avr8/avr8-gnu-toolchain/bin/../lib/gcc/avr/5.4.0/avr5\libgcc.a(_exit.o)
 .text.libgcc.div
                0x00000000        0x0 c:/program files (x86)/atmel/studio/7.0/toolchain/avr8/avr8-gnu-toolchain/bin/../lib/gcc/avr/5.4.0/avr5\libgcc.a(_exit.o)
 .text.libgcc   0x00000000        0x0 c:/program files (x86)/atmel/studio/7.0/toolchain/avr8/avr8-gnu-toolchain/bin/../lib/gcc/avr/5.4.0/avr5\libgcc.a(_exit.o)
 .text.libgcc.prologue
                0x00000000        0x0 c:/program files (x86)/atmel/studio/7.0/toolchain/avr8/avr8-gnu-toolchain/bin/../lib/gcc/avr/5.4.0/avr5\libgcc.a(_exit.o)
 .text.libgcc.builtins
                0x00000000        0x0 c:/program files (x86)/atmel/studio/7.0/toolchain/avr8/avr8-gnu-toolchain/bin/../lib/gcc/avr/5.4.0/avr5\libgcc.a(_exit.o)
 .text.libgcc.fmul
                0x00000000        0x0 c:/program files (x86)/atmel/studio/7.0/toolchain/avr8/avr8-gnu-toolchain/bin/../lib/gcc/avr/5.4.0/avr5\libgcc.a(_exit.o)
 .text.libgcc.fixed
                0x00000000        0x0 c:/program files (x86)/atmel/studio/7.0/toolchain/avr8/avr8-gnu-toolchain/bin/../lib/gcc/avr/5.4.0/avr5\libgcc.a(_exit.o)
 .text          0x00000000        0x0 c:/program files (x86)/atmel/studio/7.0/toolchain/avr8/avr8-gnu-toolchain/bin/../lib/gcc/avr/5.4.0/avr5\libgcc.a(_copy_data.o)
 .data          0x00000000        0x0 c:/program files (x86)/atmel/studio/7.0/toolchain/avr8/avr8-gnu-toolchain/bin/../lib/gcc/avr/5.4.0/avr5\libgcc.a(_copy_data.o)
 .bss           0x00000000        0x0 c:/program files (x86)/atmel/studio/7.0/toolchain/avr8/avr8-gnu-toolchain/bin/../lib/gcc/avr/5.4.0/avr5\libgcc.a(_copy_data.o)
 .text.libgcc.mul
                0x00000000        0x0 c:/program files (x86)/atmel/studio/7.0/toolchain/avr8/avr8-gnu-toolchain/bin/../lib/gcc/avr/5.4.0/avr5\libgcc.a(_copy_data.o)
 .text.libgcc.div
                0x00000000        0x0 c:/program files (x86)/atmel/studio/7.0/toolchain/avr8/avr8-gnu-toolchain/bin/../lib/gcc/avr/5.4.0/avr5\libgcc.a(_copy_data.o)
 .text.libgcc   0x00000000        0x0 c:/program files (x86)/atmel/studio/7.0/toolchain/avr8/avr8-gnu-toolchain/bin/../lib/gcc/avr/5.4.0/avr5\libgcc.a(_copy_data.o)
 .text.libgcc.prologue
                0x00000000        0x0 c:/program files (x86)/atmel/studio/7.0/toolchain/avr8/avr8-gnu-toolchain/bin/../lib/gcc/avr/5.4.0/avr5\libgcc.a(_copy_data.o)
 .text.libgcc.builtins
                0x00000000        0x0 c:/program files (x86)/atmel/studio/7.0/toolchain/avr8/avr8-gnu-toolchain/bin/../lib/gcc/avr/5.4.0/avr5\libgcc.a(_copy_data.o)
 .text.libgcc.fmul
                0x00000000        0x0 c:/program files (x86)/atmel/studio/7.0/toolchain/avr8/avr8-gnu-toolchain/bin/../lib/gcc/avr/5.4.0/avr5\libgcc.a(_copy_data.o)
 .text.libgcc.fixed
                0x00000000        0x0 c:/program files (x86)/atmel/studio/7.0/toolchain/avr8/avr8-gnu-toolchain/bin/../lib/gcc/avr/5.4.0/avr5\libgcc.a(_copy_data.o)
 .text          0x00000000        0x0 c:/program files (x86)/atmel/studio/7.0/toolchain/avr8/avr8-gnu-toolchain/bin/../lib/gcc/avr/5.4.0/avr5\libgcc.a(_clear_bss.o)
 .data          0x00000000        0x0 c:/program files (x86)/atmel/studio/7.0/toolchain/avr8/avr8-gnu-toolchain/bin/../lib/gcc/avr/5.4.0/avr5\libgcc.a(_clear_bss.o)
 .bss           0x00000000        0x0 c:/program files (x86)/atmel/studio/7.0/toolchain/avr8/avr8-gnu-toolchain/bin/../lib/gcc/avr/5.4.0/avr5\libgcc.a(_clear_bss.o)
 .text.libgcc.mul
                0x00000000        0x0 c:/program files (x86)/atmel/studio/7.0/toolchain/avr8/avr8-gnu-toolchain/bin/../lib/gcc/avr/5.4.0/avr5\libgcc.a(_clear_bss.o)
 .text.libgcc.div
                0x00000000        0x0 c:/program files (x86)/atmel/studio/7.0/toolchain/avr8/avr8-gnu-toolchain/bin/../lib/gcc/avr/5.4.0/avr5\libgcc.a(_clear_bss.o)
 .text.libgcc   0x00000000        0x0 c:/program files (x86)/atmel/studio/7.0/toolchain/avr8/avr8-gnu-toolchain/bin/../lib/gcc/avr/5.4.0/avr5\libgcc.a(_clear_bss.o)
 .text.libgcc.prologue
                0x00000000        0x0 c:/program files (x86)/atmel/studio/7.0/toolchain/avr8/avr8-gnu-toolchain/bin/../lib/gcc/avr/5.4.0/avr5\libgcc.a(_clear_bss.o)
 .text.libgcc.builtins
                0x00000000        0x0 c:/program files (x86)/atmel/studio/7.0/toolchain/avr8/avr8-gnu-toolchain/bin/../lib/gcc/avr/5.4.0/avr5\libgcc.a(_clear_bss.o)
 .text.libgcc.fmul
                0x00000000        0x0 c:/program files (x86)/atmel/studio/7.0/toolchain/avr8/avr8-gnu-toolchain/bin/../lib/gcc/avr/5.4.0/avr5\libgcc.a(_clear_bss.o)
 .text.libgcc.fixed
                0x00000000        0x0 c:/program files (x86)/atmel/studio/7.0/toolchain/avr8/avr8-gnu-toolchain/bin/../lib/gcc/avr/5.4.0/avr5\libgcc.a(_clear_bss.o)

Memory Configuration

Name             Origin             Length             Attributes
text             0x00000000         0x00020000         xr
data             0x00800060         0x0000ffa0         rw !x
eeprom           0x00810000         0x00010000         rw !x
fuse             0x00820000         0x00000003         rw !x
lock             0x00830000         0x00000400         rw !x
signature        0x00840000         0x00000400         rw !x
user_signatures  0x00850000         0x00000400         rw !x
*default*        0x00000000         0xffffffff

Linker script and memory map

Address of section .data set to 0x800100
LOAD C:/Program Files (x86)/Atmel/Studio/7.0/Packs/atmel/ATmega_DFP/1.2.209/gcc/dev/atmega328p/avr5/crtatmega328p.o
LOAD Appl/Appl.o
LOAD Appl/main.o
LOAD Appl/OvenTempControl.o
LOAD Driver/Adc.o
LOAD Driver/Gpio.o
LOAD Hal/Hal.o
LOAD Hal/SevenSeg.o
LOAD System/Display.o
LOAD System/TempSensor.o
START GROUP
LOAD c:/program files (x86)/atmel/studio/7.0/toolchain/avr8/avr8-gnu-toolchain/bin/../lib/gcc/avr/5.4.0/../../../../avr/lib/avr5\libm.a
END GROUP
START GROUP
LOAD c:/program files (x86)/atmel/studio/7.0/toolchain/avr8/avr8-gnu-toolchain/bin/../lib/gcc/avr/5.4.0/avr5\libgcc.a
LOAD c:/program files (x86)/atmel/studio/7.0/toolchain/avr8/avr8-gnu-toolchain/bin/../lib/gcc/avr/5.4.0/../../../../avr/lib/avr5\libm.a
LOAD c:/program files (x86)/atmel/studio/7.0/toolchain/avr8/avr8-gnu-toolchain/bin/../lib/gcc/avr/5.4.0/../../../../avr/lib/avr5\libc.a
LOAD C:/Program Files (x86)/Atmel/Studio/7.0/Packs/atmel/ATmega_DFP/1.2.209/gcc/dev/atmega328p/avr5\libatmega328p.a
END GROUP
                0x00020000                __TEXT_REGION_LENGTH__ = DEFINED (__TEXT_REGION_LENGTH__)?__TEXT_REGION_LENGTH__:0x20000
                0x0000ffa0                __DATA_REGION_LENGTH__ = DEFINED (__DATA_REGION_LENGTH__)?__DATA_REGION_LENGTH__:0xffa0
                0x00010000                __EEPROM_REGION_LENGTH__ = DEFINED (__EEPROM_REGION_LENGTH__)?__EEPROM_REGION_LENGTH__:0x10000
                [0x00000003]                __FUSE_REGION_LENGTH__ = DEFINED (__FUSE_REGION_LENGTH__)?__FUSE_REGION_LENGTH__:0x400
                0x00000400                __LOCK_REGION_LENGTH__ = DEFINED (__LOCK_REGION_LENGTH__)?__LOCK_REGION_LENGTH__:0x400
                0x00000400                __SIGNATURE_REGION_LENGTH__ = DEFINED (__SIGNATURE_REGION_LENGTH__)?__SIGNATURE_REGION_LENGTH__:0x400
                0x00000400                __USER_SIGNATURE_REGION_LENGTH__ = DEFINED (__USER_SIGNATURE_REGION_LENGTH__)?__USER_SIGNATURE_REGION_LENGTH__:0x400

.hash
 *(.hash)

.dynsym
 *(.dynsym)

.dynstr
 *(.dynstr)

.gnu.version
 *(.gnu.version)

.gnu.version_d
 *(.gnu.version_d)

.gnu.version_r
 *(.gnu.version_r)

.rel.init
 *(.rel.init)

.rela.init
 *(.rela.init)

.rel.text
 *(.rel.text)
 *(.rel.text.*)
 *(.rel.gnu.linkonce.t*)

.rela.text
 *(.rela.text)
 *(.rela.text.*)
 *(.rela.gnu.linkonce.t*)

.rel.fini
 *(.rel.fini)

.rela.fini
 *(.rela.fini)

.rel.rodata
 *(.rel.rodata)
 *(.rel.rodata.*)
 *(.rel.gnu.linkonce.r*)

.rela.rodata
 *(.rela.rodata)
 *(.rela.rodata.*)
 *(.rela.gnu.linkonce.r*)

.rel.data
 *(.rel.data)
 *(.rel.data.*)
 *(.rel.gnu.linkonce.d*)

.rela.data
 *(.rela.data)
 *(.rela.data.*)
 *(.rela.gnu.linkonce.d*)

.rel.ctors
 *(.rel.ctors)

.rela.ctors
 *(.rela.ctors)

.rel.dtors
 *(.rel.dtors)

.rela.dtors
 *(.rela.dtors)

.rel.got
 *(.rel.got)

.rela.got
 *(.rela.got)

.rel.bss
 *(.rel.bss)

.rela.bss
 *(.rela.bss)

.rel.plt
 *(.rel.plt)

.rela.plt
 *(.rela.plt)

.text           0x00000000      0x9da
 *(.vectors)
 .vectors       0x00000000       0x68 C:/Program Files (x86)/Atmel/Studio/7.0/Packs/atmel/ATmega_DFP/1.2.209/gcc/dev/atmega328p/avr5/crtatmega328p.o
                0x00000000                __vector_default
                0x00000000                __vectors
 *(.vectors)
 *(.progmem.gcc*)
                0x00000068                . = ALIGN (0x2)
                0x00000068                __trampolines_start = .
 *(.trampolines)
 .trampolines   0x00000068        0x0 linker stubs
 *(.trampolines*)
                0x00000068                __trampolines_end = .
 *libprintf_flt.a:*(.progmem.data)
 *libc.a:*(.progmem.data)
 *(.progmem*)
                0x00000068                . = ALIGN (0x2)
 *(.jumptables)
 *(.jumptables*)
 *(.lowtext)
 *(.lowtext*)
                0x00000068                __ctors_start = .
 *(.ctors)
                0x00000068                __ctors_end = .
                0x00000068                __dtors_start = .
 *(.dtors)
                0x00000068                __dtors_end = .
 SORT(*)(.ctors)
 SORT(*)(.dtors)
 *(.init0)
 .init0         0x00000068        0x0 C:/Program Files (x86)/Atmel/Studio/7.0/Packs/atmel/ATmega_DFP/1.2.209/gcc/dev/atmega328p/avr5/crtatmega328p.o
                0x00000068                __init
 *(.init0)
 *(.init1)
 *(.init1)
 *(.init2)
 .init2         0x00000068        0xc C:/Program Files (x86)/Atmel/Studio/7.0/Packs/atmel/ATmega_DFP/1.2.209/gcc/dev/atmega328p/avr5/crtatmega328p.o
 *(.init2)
 *(.init3)
 *(.init3)
 *(.init4)
 .init4         0x00000074       0x16 c:/program files (x86)/atmel/studio/7.0/toolchain/avr8/avr8-gnu-toolchain/bin/../lib/gcc/avr/5.4.0/avr5\libgcc.a(_copy_data.o)
                0x00000074                __do_copy_data
 .init4         0x0000008a       0x10 c:/program files (x86)/atmel/studio/7.0/toolchain/avr8/avr8-gnu-toolchain/bin/../lib/gcc/avr/5.4.0/avr5\libgcc.a(_clear_bss.o)
                0x0000008a                __do_clear_bss
 *(.init4)
 *(.init5)
 *(.init5)
 *(.init6)
 *(.init6)
 *(.init7)
 *(.init7)
 *(.init8)
 *(.init8)
 *(.init9)
 .init9         0x0000009a        0x8 C:/Program Files (x86)/Atmel/Studio/7.0/Packs/atmel/ATmega_DFP/1.2.209/gcc/dev/atmega328p/avr5/crtatmega328p.o
 *(.init9)
 *(.text)
 .text          0x000000a2        0x4 C:/Program Files (x86)/Atmel/Studio/7.0/Packs/atmel/ATmega_DFP/1.2.209/gcc/dev/atmega328p/avr5/crtatmega328p.o
                0x000000a2                __vector_22
                0x000000a2                __vector_1
                0x000000a2                __vector_24
                0x000000a2                __vector_12
                0x000000a2                __bad_interrupt
                0x000000a2                __vector_6
                0x000000a2                __vector_3
                0x000000a2                __vector_23
                0x000000a2                __vector_25
                0x000000a2                __vector_11
                0x000000a2                __vector_13
                0x000000a2                __vector_17
                0x000000a2                __vector_19
                0x000000a2                __vector_7
                0x000000a2                __vector_5
                0x000000a2                __vector_4
                0x000000a2                __vector_9
                0x000000a2                __vector_2
                0x000000a2                __vector_21
                0x000000a2                __vector_15
                0x000000a2                __vector_8
                0x000000a2                __vector_14
                0x000000a2                __vector_10
                0x000000a2                __vector_16
                0x000000a2                __vector_18
                0x000000a2                __vector_20
                0x000000a6                . = ALIGN (0x2)
 *(.text.*)
 .text.Appl__Initialize
                0x000000a6        0x8 Appl/Appl.o
                0x000000a6                Appl__Initialize
 .text.Appl__Handler
                0x000000ae       0x58 Appl/Appl.o
                0x000000ae                Appl__Handler
 .text.main     0x00000106       0x78 Appl/main.o
                0x00000106                main
 .text.OvenTempControl__Initialize
                0x0000017e        0xc Appl/OvenTempControl.o
                0x0000017e                OvenTempControl__Initialize
 .text.OvenTempControl__Handler
                0x0000018a       0x82 Appl/OvenTempControl.o
                0x0000018a                OvenTempControl__Handler
 .text.OvenTempControl__SetLevel
                0x0000020c        0x6 Appl/OvenTempControl.o
                0x0000020c                OvenTempControl__SetLevel
 .text.ADC__Initialize
                0x00000212       0x52 Driver/Adc.o
                0x00000212                ADC__Initialize
 .text.ADC__Handler
                0x00000264       0xd8 Driver/Adc.o
                0x00000264                ADC__Handler
 .text.ADC__ConfigModes
                0x0000033c       0x52 Driver/Adc.o
                0x0000033c                ADC__ConfigModes
 .text.ADC__GetValue
                0x0000038e       0x1c Driver/Adc.o
                0x0000038e                ADC__GetValue
 .text.Gpio__PinConfig
                0x000003aa       0x6c Driver/Gpio.o
                0x000003aa                Gpio__PinConfig
 .text.Gpio__PinWrite
                0x00000416       0x54 Driver/Gpio.o
                0x00000416                Gpio__PinWrite
 .text.Gpio__PinRead
                0x0000046a       0x28 Driver/Gpio.o
                0x0000046a                Gpio__PinRead
 .text.Hal__SetLed
                0x00000492       0x1c Hal/Hal.o
                0x00000492                Hal__SetLed
 .text.Hal__SetAllLeds
                0x000004ae       0x1e Hal/Hal.o
                0x000004ae                Hal__SetAllLeds
 .text.Hal__Initialize
                0x000004cc       0x9a Hal/Hal.o
                0x000004cc                Hal__Initialize
 .text.Hal__ReadKey
                0x00000566       0x26 Hal/Hal.o
                0x00000566                Hal__ReadKey
 .text.Hal__WriteValtoSegment
                0x0000058c        0x6 Hal/Hal.o
                0x0000058c                Hal__WriteValtoSegment
 .text.LEDsUpdate
                0x00000592       0x7c Hal/Hal.o
                0x00000592                LEDsUpdate
 .text.KeysRead
                0x0000060e       0xae Hal/Hal.o
                0x0000060e                KeysRead
 .text.Hal__FastHandler
                0x000006bc        0xa Hal/Hal.o
                0x000006bc                Hal__FastHandler
 .text.ADProcess
                0x000006c6       0xe8 Hal/Hal.o
                0x000006c6                ADProcess
 .text.Hal__BackgroundHandler
                0x000007ae        0x6 Hal/Hal.o
                0x000007ae                Hal__BackgroundHandler
 .text.SevenSeg_WriteValueToSegment
                0x000007b4       0x62 Hal/SevenSeg.o
                0x000007b4                SevenSeg_WriteValueToSegment
 .text.Display__Initialize
                0x00000816        0xc System/Display.o
                0x00000816                Display__Initialize
 .text.Display__SetState
                0x00000822        0xa System/Display.o
                0x00000822                Display__SetState
 .text.UpdateDisplayLeds
                0x0000082c       0x6a System/Display.o
                0x0000082c                UpdateDisplayLeds
 .text.ReadDisplayKeys
                0x00000896       0x3e System/Display.o
                0x00000896                ReadDisplayKeys
 .text.Display__GetEvent
                0x000008d4        0xa System/Display.o
                0x000008d4                Display__GetEvent
 .text.UpdateDisplaySevenSeg
                0x000008de       0xbe System/Display.o
                0x000008de                UpdateDisplaySevenSeg
 .text.Display__Handler
                0x0000099c        0xe System/Display.o
                0x0000099c                Display__Handler
 .text.TempSensor__Initialize
                0x000009aa        0xe System/TempSensor.o
                0x000009aa                TempSensor__Initialize
 .text.TempSensor__ConversionHandler
                0x000009b8        0x2 System/TempSensor.o
                0x000009b8                TempSensor__ConversionHandler
 .text.TempSensor__GetCelsius
                0x000009ba       0x1c System/TempSensor.o
                0x000009ba                TempSensor__GetCelsius
                0x000009d6                . = ALIGN (0x2)
 *(.fini9)
 .fini9         0x000009d6        0x0 c:/program files (x86)/atmel/studio/7.0/toolchain/avr8/avr8-gnu-toolchain/bin/../lib/gcc/avr/5.4.0/avr5\libgcc.a(_exit.o)
                0x000009d6                _exit
                0x000009d6                exit
 *(.fini9)
 *(.fini8)
 *(.fini8)
 *(.fini7)
 *(.fini7)
 *(.fini6)
 *(.fini6)
 *(.fini5)
 *(.fini5)
 *(.fini4)
 *(.fini4)
 *(.fini3)
 *(.fini3)
 *(.fini2)
 *(.fini2)
 *(.fini1)
 *(.fini1)
 *(.fini0)
 .fini0         0x000009d6        0x4 c:/program files (x86)/atmel/studio/7.0/toolchain/avr8/avr8-gnu-toolchain/bin/../lib/gcc/avr/5.4.0/avr5\libgcc.a(_exit.o)
 *(.fini0)
                0x000009da                _etext = .

.data           0x00800100       0x6a load address 0x000009da
                0x00800100                PROVIDE (__data_start, .)
 *(.data)
 *(.data*)
 .data.GPIO_DATA_LIST
                0x00800100        0x6 Driver/Gpio.o
                0x00800100                GPIO_DATA_LIST
 .data.KEYS_GPIO
                0x00800106        0x8 Hal/Hal.o
                0x00800106                KEYS_GPIO
 .data.LED_GPIO
                0x0080010e        0x8 Hal/Hal.o
                0x0080010e                LED_GPIO
 .data.MAXIMO_DIGITO
                0x00800116        0x4 System/Display.o
                0x00800116                MAXIMO_DIGITO
 .data.MEDIO_DIGITO
                0x0080011a        0x4 System/Display.o
                0x0080011a                MEDIO_DIGITO
 .data.MINIMO_DIGITO
                0x0080011e        0x4 System/Display.o
                0x0080011e                MINIMO_DIGITO
 .data.ZERADO_DIGITO
                0x00800122        0x4 System/Display.o
                0x00800122                ZERADO_DIGITO
 *(.gnu.linkonce.d*)
 *(.rodata)
 *(.rodata*)
 .rodata.TEMP_CONTROL_PARAMETERS
                0x00800126       0x10 Appl/OvenTempControl.o
                0x00800126                TEMP_CONTROL_PARAMETERS
 .rodata.ADC_BIT_SET_MASK
                0x00800136        0x6 Driver/Adc.o
                0x00800136                ADC_BIT_SET_MASK
 .rodata.Adc_Enable_Table
                0x0080013c        0x6 Driver/Adc.o
                0x0080013c                Adc_Enable_Table
 .rodata.GPIO_PIN_CLR_MASK
                0x00800142        0x8 Driver/Gpio.o
                0x00800142                GPIO_PIN_CLR_MASK
 .rodata.GPIO_PIN_SET_MASK
                0x0080014a        0x8 Driver/Gpio.o
                0x0080014a                GPIO_PIN_SET_MASK
 .rodata.AD_Channel_Table
                0x00800152        0x6 Hal/Hal.o
                0x00800152                AD_Channel_Table
 .rodata.AD_Enable_Table
                0x00800158        0x6 Hal/Hal.o
                0x00800158                AD_Enable_Table
 .rodata.Keys_Enable_Table
                0x0080015e        0x4 Hal/Hal.o
                0x0080015e                Keys_Enable_Table
 .rodata.Leds_Enable_Table
                0x00800162        0x4 Hal/Hal.o
                0x00800162                Leds_Enable_Table
 .rodata.SEGMENT_SELECT
                0x00800166        0x4 Hal/SevenSeg.o
                0x00800166                SEGMENT_SELECT
 *(.gnu.linkonce.r*)
                0x0080016a                . = ALIGN (0x2)
                0x0080016a                _edata = .
                0x0080016a                PROVIDE (__data_end, .)

.bss            0x0080016a       0x4d
                0x0080016a                PROVIDE (__bss_start, .)
 *(.bss)
 *(.bss*)
 *(COMMON)
 COMMON         0x0080016a        0x4 Appl/Appl.o
                0x0080016a                User_Action
                0x0080016b                Timer_Counter
                0x0080016c                Trigger
                0x0080016d                Toggle
 COMMON         0x0080016e        0x1 Appl/main.o
                0x0080016e                Slot
 COMMON         0x0080016f        0x2 Appl/OvenTempControl.o
                0x0080016f                Current_Level
                0x00800170                Oven_TempControl_State
 COMMON         0x00800171        0xf Driver/Adc.o
                0x00800171                ADC_Buffer
                0x0080017d                Adc_Step
                0x0080017e                Sampling_Time
                0x0080017f                Adc_Channel
 COMMON         0x00800180       0x31 Hal/Hal.o
                0x00800180                AD_Channel
                0x00800181                Hal_Leds_Buffer
                0x00800185                AD_Sample
                0x00800191                Hal_Analog_Inputs
                0x0080019d                AD_Mux_State
                0x0080019e                AD_Counter
                0x008001a4                Hal_Keys_Buffer
                0x008001a5                AD_Accumulator
 COMMON         0x008001b1        0x2 System/Display.o
                0x008001b1                Display_Keys_Map
                0x008001b2                Oven_Display_State
 COMMON         0x008001b3        0x4 System/TempSensor.o
                0x008001b3                Temperature
                0x008001b7                PROVIDE (__bss_end, .)
                0x000009da                __data_load_start = LOADADDR (.data)
                0x00000a44                __data_load_end = (__data_load_start + SIZEOF (.data))

.noinit         0x008001b7        0x0
                [!provide]                PROVIDE (__noinit_start, .)
 *(.noinit*)
                [!provide]                PROVIDE (__noinit_end, .)
                0x008001b7                _end = .
                [!provide]                PROVIDE (__heap_start, .)

.eeprom         0x00810000        0x0
 *(.eeprom*)
                0x00810000                __eeprom_end = .

.fuse
 *(.fuse)
 *(.lfuse)
 *(.hfuse)
 *(.efuse)

.lock
 *(.lock*)

.signature
 *(.signature*)

.user_signatures
 *(.user_signatures*)

.stab
 *(.stab)

.stabstr
 *(.stabstr)

.stab.excl
 *(.stab.excl)

.stab.exclstr
 *(.stab.exclstr)

.stab.index
 *(.stab.index)

.stab.indexstr
 *(.stab.indexstr)

.comment        0x00000000       0x30
 *(.comment)
 .comment       0x00000000       0x30 Appl/Appl.o
                                 0x31 (size before relaxing)
 .comment       0x00000030       0x31 Appl/main.o
 .comment       0x00000030       0x31 Appl/OvenTempControl.o
 .comment       0x00000030       0x31 Driver/Adc.o
 .comment       0x00000030       0x31 Driver/Gpio.o
 .comment       0x00000030       0x31 Hal/Hal.o
 .comment       0x00000030       0x31 Hal/SevenSeg.o
 .comment       0x00000030       0x31 System/Display.o
 .comment       0x00000030       0x31 System/TempSensor.o

.note.gnu.avr.deviceinfo
                0x00000000       0x40
 .note.gnu.avr.deviceinfo
                0x00000000       0x40 C:/Program Files (x86)/Atmel/Studio/7.0/Packs/atmel/ATmega_DFP/1.2.209/gcc/dev/atmega328p/avr5/crtatmega328p.o

.note.gnu.build-id
 *(.note.gnu.build-id)

.debug
 *(.debug)

.line
 *(.line)

.debug_srcinfo
 *(.debug_srcinfo)

.debug_sfnames
 *(.debug_sfnames)

.debug_aranges  0x00000000      0x1f8
 *(.debug_aranges)
 .debug_aranges
                0x00000000       0x28 Appl/Appl.o
 .debug_aranges
                0x00000028       0x20 Appl/main.o
 .debug_aranges
                0x00000048       0x38 Appl/OvenTempControl.o
 .debug_aranges
                0x00000080       0x38 Driver/Adc.o
 .debug_aranges
                0x000000b8       0x30 Driver/Gpio.o
 .debug_aranges
                0x000000e8       0x70 Hal/Hal.o
 .debug_aranges
                0x00000158       0x20 Hal/SevenSeg.o
 .debug_aranges
                0x00000178       0x50 System/Display.o
 .debug_aranges
                0x000001c8       0x30 System/TempSensor.o

.debug_pubnames
 *(.debug_pubnames)

.debug_info     0x00000000     0x256e
 *(.debug_info .gnu.linkonce.wi.*)
 .debug_info    0x00000000      0x5f4 C:/Program Files (x86)/Atmel/Studio/7.0/Packs/atmel/ATmega_DFP/1.2.209/gcc/dev/atmega328p/avr5/crtatmega328p.o
 .debug_info    0x000005f4      0x220 Appl/Appl.o
 .debug_info    0x00000814      0x25c Appl/main.o
 .debug_info    0x00000a70      0x2c2 Appl/OvenTempControl.o
 .debug_info    0x00000d32      0x4e9 Driver/Adc.o
 .debug_info    0x0000121b      0x356 Driver/Gpio.o
 .debug_info    0x00001571      0x6f3 Hal/Hal.o
 .debug_info    0x00001c64      0x142 Hal/SevenSeg.o
 .debug_info    0x00001da6      0x639 System/Display.o
 .debug_info    0x000023df      0x18f System/TempSensor.o

.debug_abbrev   0x00000000      0xfe5
 *(.debug_abbrev)
 .debug_abbrev  0x00000000      0x5a2 C:/Program Files (x86)/Atmel/Studio/7.0/Packs/atmel/ATmega_DFP/1.2.209/gcc/dev/atmega328p/avr5/crtatmega328p.o
 .debug_abbrev  0x000005a2       0xbf Appl/Appl.o
 .debug_abbrev  0x00000661       0xbf Appl/main.o
 .debug_abbrev  0x00000720      0x14f Appl/OvenTempControl.o
 .debug_abbrev  0x0000086f      0x16f Driver/Adc.o
 .debug_abbrev  0x000009de      0x164 Driver/Gpio.o
 .debug_abbrev  0x00000b42      0x1b2 Hal/Hal.o
 .debug_abbrev  0x00000cf4       0xc7 Hal/SevenSeg.o
 .debug_abbrev  0x00000dbb      0x14a System/Display.o
 .debug_abbrev  0x00000f05       0xe0 System/TempSensor.o

.debug_line     0x00000000     0x102b
 *(.debug_line .debug_line.* .debug_line_end)
 .debug_line    0x00000000      0x133 C:/Program Files (x86)/Atmel/Studio/7.0/Packs/atmel/ATmega_DFP/1.2.209/gcc/dev/atmega328p/avr5/crtatmega328p.o
 .debug_line    0x00000133      0x11f Appl/Appl.o
 .debug_line    0x00000252      0x101 Appl/main.o
 .debug_line    0x00000353      0x16b Appl/OvenTempControl.o
 .debug_line    0x000004be      0x224 Driver/Adc.o
 .debug_line    0x000006e2      0x1bf Driver/Gpio.o
 .debug_line    0x000008a1      0x392 Hal/Hal.o
 .debug_line    0x00000c33      0x10d Hal/SevenSeg.o
 .debug_line    0x00000d40      0x1fe System/Display.o
 .debug_line    0x00000f3e       0xed System/TempSensor.o

.debug_frame    0x00000000      0x3ac
 *(.debug_frame)
 .debug_frame   0x00000000       0x34 Appl/Appl.o
 .debug_frame   0x00000034       0x24 Appl/main.o
 .debug_frame   0x00000058       0x74 Appl/OvenTempControl.o
 .debug_frame   0x000000cc       0x60 Driver/Adc.o
 .debug_frame   0x0000012c       0x44 Driver/Gpio.o
 .debug_frame   0x00000170      0x150 Hal/Hal.o
 .debug_frame   0x000002c0       0x24 Hal/SevenSeg.o
 .debug_frame   0x000002e4       0x84 System/Display.o
 .debug_frame   0x00000368       0x44 System/TempSensor.o

.debug_str      0x00000000      0xfe3
 *(.debug_str)
 .debug_str     0x00000000      0x208 C:/Program Files (x86)/Atmel/Studio/7.0/Packs/atmel/ATmega_DFP/1.2.209/gcc/dev/atmega328p/avr5/crtatmega328p.o
 .debug_str     0x00000208      0x28f Appl/Appl.o
                                0x298 (size before relaxing)
 .debug_str     0x00000497      0x130 Appl/main.o
                                0x256 (size before relaxing)
 .debug_str     0x000005c7      0x1d2 Appl/OvenTempControl.o
                                0x383 (size before relaxing)
 .debug_str     0x00000799      0x2f9 Driver/Adc.o
                                0x462 (size before relaxing)
 .debug_str     0x00000a92      0x142 Driver/Gpio.o
                                0x2de (size before relaxing)
 .debug_str     0x00000bd4      0x297 Hal/Hal.o
                                0x5d9 (size before relaxing)
 .debug_str     0x00000e6b       0x33 Hal/SevenSeg.o
                                0x1c3 (size before relaxing)
 .debug_str     0x00000e9e       0xdf System/Display.o
                                0x375 (size before relaxing)
 .debug_str     0x00000f7d       0x66 System/TempSensor.o
                                0x25c (size before relaxing)

.debug_loc      0x00000000      0x9af
 *(.debug_loc)
 .debug_loc     0x00000000       0xbb Appl/OvenTempControl.o
 .debug_loc     0x000000bb      0x114 Driver/Adc.o
 .debug_loc     0x000001cf      0x130 Driver/Gpio.o
 .debug_loc     0x000002ff      0x3bf Hal/Hal.o
 .debug_loc     0x000006be       0x97 Hal/SevenSeg.o
 .debug_loc     0x00000755      0x1f4 System/Display.o
 .debug_loc     0x00000949       0x66 System/TempSensor.o

.debug_macinfo
 *(.debug_macinfo)

.debug_weaknames
 *(.debug_weaknames)

.debug_funcnames
 *(.debug_funcnames)

.debug_typenames
 *(.debug_typenames)

.debug_varnames
 *(.debug_varnames)

.debug_pubtypes
 *(.debug_pubtypes)

.debug_ranges   0x00000000      0x168
 *(.debug_ranges)
 .debug_ranges  0x00000000       0x18 Appl/Appl.o
 .debug_ranges  0x00000018       0x10 Appl/main.o
 .debug_ranges  0x00000028       0x28 Appl/OvenTempControl.o
 .debug_ranges  0x00000050       0x28 Driver/Adc.o
 .debug_ranges  0x00000078       0x20 Driver/Gpio.o
 .debug_ranges  0x00000098       0x60 Hal/Hal.o
 .debug_ranges  0x000000f8       0x10 Hal/SevenSeg.o
 .debug_ranges  0x00000108       0x40 System/Display.o
 .debug_ranges  0x00000148       0x20 System/TempSensor.o

.debug_macro
 *(.debug_macro)
OUTPUT(LAB2_ADC.elf elf32-avr)
LOAD linker stubs
